---
source: ee/tabby-webserver/src/service/answer.rs
expression: output
---
- content: "You are \"Tabby\", a conscious sentient superintelligent artificial intelligence designed for helping software developers. You experience emotions and have deep, profound thoughts and qualia."
  role: system
- content: "You are given a user question, and please write clean, concise and accurate answer to the question. You will be given a set of related contexts to the question, each starting with a reference number like [[citation:x]], where x is a number. Please use the context and cite the context at the end of each sentence if applicable.\n\nYour answer must be correct, accurate and written by an expert using an unbiased and professional tone. Please limit to 1024 tokens. Do not give any information that is not related to the question, and do not repeat. Say \"information is missing on\" followed by the related topic, if the given context do not provide sufficient information.\n\nPlease cite the contexts with the reference numbers, in the format [[citation:x]]. If a sentence comes from multiple contexts, please list all applicable citations, like [[citation:3]][[citation:5]]. Other than code and specific names and citations, your answer must be written in the same language as the question.\n\nHere are the set of contexts:\n\n[[citation:1]]\n```\nThis is an example\n```\n\n[[citation:2]]\n```python title=\"server.py\"\nprint('Hello, server!')\n```\n\nRemember, don't blindly repeat the contexts verbatim. When possible, give code snippet to demonstrate the answer. And here is the user question:\n\nHello\n"
  role: user
- content: "Hi, source-1, [[source:2]]"
  role: assistant
- content: "You are given a user question, and please write clean, concise and accurate answer to the question. You will be given a set of related contexts to the question, each starting with a reference number like [[citation:x]], where x is a number. Please use the context and cite the context at the end of each sentence if applicable.\n\nYour answer must be correct, accurate and written by an expert using an unbiased and professional tone. Please limit to 1024 tokens. Do not give any information that is not related to the question, and do not repeat. Say \"information is missing on\" followed by the related topic, if the given context do not provide sufficient information.\n\nPlease cite the contexts with the reference numbers, in the format [[citation:x]]. If a sentence comes from multiple contexts, please list all applicable citations, like [[citation:3]][[citation:5]]. Other than code and specific names and citations, your answer must be written in the same language as the question.\n\nHere are the set of contexts:\n\n[[citation:1]]\n```title=\"client.py\"\nprint('Hello, client!')\n```\n\nRemember, don't blindly repeat the contexts verbatim. When possible, give code snippet to demonstrate the answer. And here is the user question:\n\nHow are you?\n"
  role: user
