description = 'Replace range experimental: syntax typescript: case 01'

[config.limitScope]
experimentalSyntax = true
[config.calculateReplaceRange]
experimentalSyntax = true

[context]
filepath = 'print.ts'
language = 'typescript'
# indentation = '  ' # not specified
text = '''
function print(obj: any) {
  console.log("Obj: ├", obj);┤")
}
'''

[expected]
text = '''
function print(obj: any) {
  console.log("Obj: ├", obj);┤")╣
}
'''
